[INFO] Scanning for projects...
[INFO] 
[INFO] ---------------------< sv.edu.udb:SistemaPlanilla >---------------------
[INFO] Building SistemaPlanilla 0.0.1-SNAPSHOT
[INFO]   from pom.xml
[INFO] --------------------------------[ jar ]---------------------------------
[INFO] 
[INFO] >>> spring-boot:3.2.0:run (default-cli) > test-compile @ SistemaPlanilla >>>
[INFO] 
[INFO] --- resources:3.3.1:resources (default-resources) @ SistemaPlanilla ---
[INFO] Copying 2 resources from src\main\resources to target\classes
[INFO] Copying 0 resource from src\main\resources to target\classes
[INFO] 
[INFO] --- compiler:3.11.0:compile (default-compile) @ SistemaPlanilla ---
[INFO] Nothing to compile - all classes are up to date
[INFO] 
[INFO] --- resources:3.3.1:testResources (default-testResources) @ SistemaPlanilla ---
[INFO] Copying 1 resource from src\test\resources to target\test-classes
[INFO] 
[INFO] --- compiler:3.11.0:testCompile (default-testCompile) @ SistemaPlanilla ---
[INFO] Nothing to compile - all classes are up to date
[INFO] 
[INFO] <<< spring-boot:3.2.0:run (default-cli) < test-compile @ SistemaPlanilla <<<
[INFO] 
[INFO] 
[INFO] --- spring-boot:3.2.0:run (default-cli) @ SistemaPlanilla ---
[INFO] Attaching agents: []

  .   ____          _            __ _ _
 /\\ / ___'_ __ _ _(_)_ __  __ _ \ \ \ \
( ( )\___ | '_ | '_| | '_ \/ _` | \ \ \ \
 \\/  ___)| |_)| | | | | || (_| |  ) ) ) )
  '  |____| .__|_| |_|_| |_\__, | / / / /
 =========|_|==============|___/=/_/_/_/
 :: Spring Boot ::                (v3.2.0)

2026-05-22T10:10:54.470-07:00  INFO 27184 --- [           main] sv.edu.udb.SistemaPlanillaApplication    : Starting SistemaPlanillaApplication using Java 17.0.19 with PID 27184 (C:\Users\joshm\Desktop\UDB 2025\UDB CICLO 3-2026\DESARROLLO DE APLICACIONES CON WEB FRAMEWORKS\Proyecto Final 2026\SistemaPlanilla\SistemaPlanilla\SistemaPlanilla\backend\target\classes started by Menacolato in C:\Users\joshm\Desktop\UDB 2025\UDB CICLO 3-2026\DESARROLLO DE APLICACIONES CON WEB FRAMEWORKS\Proyecto Final 2026\SistemaPlanilla\SistemaPlanilla\SistemaPlanilla\backend)
2026-05-22T10:10:54.487-07:00  INFO 27184 --- [           main] sv.edu.udb.SistemaPlanillaApplication    : No active profile set, falling back to 1 default profile: "default"
2026-05-22T10:10:55.789-07:00  INFO 27184 --- [           main] .s.d.r.c.RepositoryConfigurationDelegate : Bootstrapping Spring Data JPA repositories in DEFAULT mode.
2026-05-22T10:10:55.907-07:00  INFO 27184 --- [           main] .s.d.r.c.RepositoryConfigurationDelegate : Finished Spring Data repository scanning in 113 ms. Found 8 JPA repository interfaces.
2026-05-22T10:10:56.801-07:00  INFO 27184 --- [           main] o.s.b.w.embedded.tomcat.TomcatWebServer  : Tomcat initialized with port 8080 (http)
2026-05-22T10:10:56.818-07:00  INFO 27184 --- [           main] o.apache.catalina.core.StandardService   : Starting service [Tomcat]
2026-05-22T10:10:56.819-07:00  INFO 27184 --- [           main] o.apache.catalina.core.StandardEngine    : Starting Servlet engine: [Apache Tomcat/10.1.16]
2026-05-22T10:10:56.905-07:00  INFO 27184 --- [           main] o.a.c.c.C.[Tomcat].[localhost].[/api]    : Initializing Spring embedded WebApplicationContext
2026-05-22T10:10:56.905-07:00  INFO 27184 --- [           main] w.s.c.ServletWebServerApplicationContext : Root WebApplicationContext: initialization completed in 2361 ms
2026-05-22T10:10:57.095-07:00  INFO 27184 --- [           main] o.hibernate.jpa.internal.util.LogHelper  : HHH000204: Processing PersistenceUnitInfo [name: default]
2026-05-22T10:10:57.172-07:00  INFO 27184 --- [           main] org.hibernate.Version                    : HHH000412: Hibernate ORM core version 6.3.1.Final
2026-05-22T10:10:57.213-07:00  INFO 27184 --- [           main] o.h.c.internal.RegionFactoryInitiator    : HHH000026: Second-level cache disabled
2026-05-22T10:10:57.545-07:00  INFO 27184 --- [           main] o.s.o.j.p.SpringPersistenceUnitInfo      : No LoadTimeWeaver setup: ignoring JPA class transformer
2026-05-22T10:10:57.591-07:00  INFO 27184 --- [           main] com.zaxxer.hikari.HikariDataSource       : HikariPool-1 - Starting...
2026-05-22T10:10:57.831-07:00  INFO 27184 --- [           main] com.zaxxer.hikari.pool.HikariPool        : HikariPool-1 - Added connection com.mysql.cj.jdbc.ConnectionImpl@38c10190
2026-05-22T10:10:57.837-07:00  INFO 27184 --- [           main] com.zaxxer.hikari.HikariDataSource       : HikariPool-1 - Start completed.
2026-05-22T10:10:57.900-07:00  WARN 27184 --- [           main] org.hibernate.orm.deprecation            : HHH90000025: MySQLDialect does not need to be specified explicitly using 'hibernate.dialect' (remove the property setting and it will be selected by default)
2026-05-22T10:10:59.142-07:00  INFO 27184 --- [           main] o.h.e.t.j.p.i.JtaPlatformInitiator       : HHH000489: No JTA platform available (set 'hibernate.transaction.jta.platform' to enable JTA platform integration)
2026-05-22T10:10:59.285-07:00  INFO 27184 --- [           main] j.LocalContainerEntityManagerFactoryBean : Initialized JPA EntityManagerFactory for persistence unit 'default'
2026-05-22T10:10:59.636-07:00  INFO 27184 --- [           main] o.s.d.j.r.query.QueryEnhancerFactory     : Hibernate is in classpath; If applicable, HQL parser will be used.
2026-05-22T10:11:01.214-07:00  INFO 27184 --- [           main] o.s.s.web.DefaultSecurityFilterChain     : Will secure any request with [org.springframework.security.web.session.DisableEncodeUrlFilter@6c9fe061, org.springframework.security.web.context.request.async.WebAsyncManagerIntegrationFilter@4988c303, org.springframework.security.web.context.SecurityContextHolderFilter@cf822a6, org.springframework.security.web.header.HeaderWriterFilter@1724c649, org.springframework.web.filter.CorsFilter@798ac54d, org.springframework.security.web.authentication.logout.LogoutFilter@5216e43c, sv.edu.udb.security.JwtAuthenticationFilter@7e383712, org.springframework.security.web.savedrequest.RequestCacheAwareFilter@35eac1dd, org.springframework.security.web.servletapi.SecurityContextHolderAwareRequestFilter@639f5460, org.springframework.security.web.authentication.AnonymousAuthenticationFilter@51653509, org.springframework.security.web.session.SessionManagementFilter@66d8a602, org.springframework.security.web.access.ExceptionTranslationFilter@12300573, org.springframework.security.web.access.intercept.AuthorizationFilter@a15e4fd]
2026-05-22T10:11:01.777-07:00  INFO 27184 --- [           main] o.s.b.w.embedded.tomcat.TomcatWebServer  : Tomcat started on port 8080 (http) with context path '/api'
2026-05-22T10:11:01.777-07:00  INFO 27184 --- [           main] sv.edu.udb.SistemaPlanillaApplication    : Started SistemaPlanillaApplication in 7.835 seconds (process running for 8.698)
2026-05-22T10:15:11.676-07:00  INFO 27184 --- [nio-8080-exec-1] o.a.c.c.C.[Tomcat].[localhost].[/api]    : Initializing Spring DispatcherServlet 'dispatcherServlet'
2026-05-22T10:15:11.676-07:00  INFO 27184 --- [nio-8080-exec-1] o.s.web.servlet.DispatcherServlet        : Initializing Servlet 'dispatcherServlet'
2026-05-22T10:15:11.676-07:00  INFO 27184 --- [nio-8080-exec-1] o.s.web.servlet.DispatcherServlet        : Completed initialization in 0 ms
2026-05-22T10:15:11.745-07:00  WARN 27184 --- [nio-8080-exec-2] o.s.w.s.h.HandlerMappingIntrospector     : Cache miss for REQUEST dispatch to '/api/auth/login' (previous null). Performing MatchableHandlerMapping lookup. This is logged once only at WARN level, and every time at TRACE.
2026-05-22T10:24:46.972-07:00  INFO 27184 --- [nio-8080-exec-5] o.springdoc.api.AbstractOpenApiResource  : Init duration for springdoc-openapi is: 602 ms
